  0 = 0:	ok.
  1234 = 1234:	ok.
  1234 < 1235:	ok.
  1235 < 12345:	ok.
  4 < 40000:	ok.
   = :	ok.
  1 > :	ok.
  0 < 1:	ok.
  0.2 > 0.15:	ok.
  v0.2 < v0.15:	ok.
  0.200 > 0.15:	ok.
  v0.200 > v0.15:	ok.
  v0.200 < v0.15000:	ok.
  abc = Def:	ok.
  vabc = vDef:	ok.
  1.2.3.4 = 1.2.3.4:	ok.
  1.2.3.4 < 1.2.3.5:	ok.
  1.2.3.4 < 1.2.4.4:	ok.
  1.2.3.4 < 1.3.3.4:	ok.
  1.2.3.4 < 2.2.3.4:	ok.
  foo.com = foo.com:	ok.
  foo.com > bar.com:	ok.
  foobar.com > bar.com:	ok.
  barfoo.com > bar.com:	ok.
  foo.bar.com > bar.bar.com:	ok.
  foo.bar.x.com > bar.x.com:	ok.
  bar.foo.x.com > foo.x.com:	ok.
  foo.x.com > foo.bar.x.com:	ok.
